// Jest Snapshot v1, https://goo.gl/fbAQLP

exports[`renders correctly 1`] = `
<div
  className="film-list"
>
  <div
    className="film-card"
  >
    <img
      alt=""
      className="film-card__image"
      src="https://boygeniusreport.files.wordpress.com/2017/01/cat.jpg?quality=98&strip=all&w=782"
    />
    <div
      className="film-card__info"
    >
      <div
        className="film-card__name"
      >
        bla bla la 
      </div>
      <div
        className="film-card__year"
      >
        2004
      </div>
    </div>
    <div
      className="film-card__genre"
    >
      ssdfsdfsdfdsf
    </div>
  </div>
  <div
    className="film-card"
  >
    <img
      alt=""
      className="film-card__image"
      src="https://boygeniusreport.files.wordpress.com/2017/01/cat.jpg?quality=98&strip=all&w=782"
    />
    <div
      className="film-card__info"
    >
      <div
        className="film-card__name"
      >
        bla bla la 1
      </div>
      <div
        className="film-card__year"
      >
        2004
      </div>
    </div>
    <div
      className="film-card__genre"
    >
      ssdfsdfsdfdsf
    </div>
  </div>
  <div
    className="film-card"
  >
    <img
      alt=""
      className="film-card__image"
      src="https://boygeniusreport.files.wordpress.com/2017/01/cat.jpg?quality=98&strip=all&w=782"
    />
    <div
      className="film-card__info"
    >
      <div
        className="film-card__name"
      >
        bla bla la 2
      </div>
      <div
        className="film-card__year"
      >
        2004
      </div>
    </div>
    <div
      className="film-card__genre"
    >
      ssdfsdfsdfdsf
    </div>
  </div>
  <div
    className="film-card"
  >
    <img
      alt=""
      className="film-card__image"
      src="https://boygeniusreport.files.wordpress.com/2017/01/cat.jpg?quality=98&strip=all&w=782"
    />
    <div
      className="film-card__info"
    >
      <div
        className="film-card__name"
      >
        bla bla la 3
      </div>
      <div
        className="film-card__year"
      >
        2004
      </div>
    </div>
    <div
      className="film-card__genre"
    >
      ssdfsdfsdfdsf
    </div>
  </div>
  <div
    className="film-card"
  >
    <img
      alt=""
      className="film-card__image"
      src="https://boygeniusreport.files.wordpress.com/2017/01/cat.jpg?quality=98&strip=all&w=782"
    />
    <div
      className="film-card__info"
    >
      <div
        className="film-card__name"
      >
        bla bla la 4
      </div>
      <div
        className="film-card__year"
      >
        2004
      </div>
    </div>
    <div
      className="film-card__genre"
    >
      ssdfsdfsdfdsf
    </div>
  </div>
  <div
    className="film-card"
  >
    <img
      alt=""
      className="film-card__image"
      src="https://boygeniusreport.files.wordpress.com/2017/01/cat.jpg?quality=98&strip=all&w=782"
    />
    <div
      className="film-card__info"
    >
      <div
        className="film-card__name"
      >
        bla bla la 5
      </div>
      <div
        className="film-card__year"
      >
        2004
      </div>
    </div>
    <div
      className="film-card__genre"
    >
      ssdfsdfsdfdsf
    </div>
  </div>
  <div
    className="film-card"
  >
    <img
      alt=""
      className="film-card__image"
      src="https://boygeniusreport.files.wordpress.com/2017/01/cat.jpg?quality=98&strip=all&w=782"
    />
    <div
      className="film-card__info"
    >
      <div
        className="film-card__name"
      >
        bla bla la 6
      </div>
      <div
        className="film-card__year"
      >
        2004
      </div>
    </div>
    <div
      className="film-card__genre"
    >
      ssdfsdfsdfdsf
    </div>
  </div>
  <div
    className="film-card"
  >
    <img
      alt=""
      className="film-card__image"
      src="https://boygeniusreport.files.wordpress.com/2017/01/cat.jpg?quality=98&strip=all&w=782"
    />
    <div
      className="film-card__info"
    >
      <div
        className="film-card__name"
      >
        bla bla la 7
      </div>
      <div
        className="film-card__year"
      >
        2004
      </div>
    </div>
    <div
      className="film-card__genre"
    >
      ssdfsdfsdfdsf
    </div>
  </div>
  <div
    className="film-card"
  >
    <img
      alt=""
      className="film-card__image"
      src="https://boygeniusreport.files.wordpress.com/2017/01/cat.jpg?quality=98&strip=all&w=782"
    />
    <div
      className="film-card__info"
    >
      <div
        className="film-card__name"
      >
        bla bla la 8
      </div>
      <div
        className="film-card__year"
      >
        2004
      </div>
    </div>
    <div
      className="film-card__genre"
    >
      ssdfsdfsdfdsf
    </div>
  </div>
  <div
    className="film-card"
  >
    <img
      alt=""
      className="film-card__image"
      src="https://boygeniusreport.files.wordpress.com/2017/01/cat.jpg?quality=98&strip=all&w=782"
    />
    <div
      className="film-card__info"
    >
      <div
        className="film-card__name"
      >
        bla bla la 9
      </div>
      <div
        className="film-card__year"
      >
        2004
      </div>
    </div>
    <div
      className="film-card__genre"
    >
      ssdfsdfsdfdsf
    </div>
  </div>
  <div
    className="film-card"
  >
    <img
      alt=""
      className="film-card__image"
      src="https://boygeniusreport.files.wordpress.com/2017/01/cat.jpg?quality=98&strip=all&w=782"
    />
    <div
      className="film-card__info"
    >
      <div
        className="film-card__name"
      >
        bla bla la 10
      </div>
      <div
        className="film-card__year"
      >
        2004
      </div>
    </div>
    <div
      className="film-card__genre"
    >
      ssdfsdfsdfdsf
    </div>
  </div>
  <div
    className="film-card"
  >
    <img
      alt=""
      className="film-card__image"
      src="https://boygeniusreport.files.wordpress.com/2017/01/cat.jpg?quality=98&strip=all&w=782"
    />
    <div
      className="film-card__info"
    >
      <div
        className="film-card__name"
      >
        bla bla la 11
      </div>
      <div
        className="film-card__year"
      >
        2004
      </div>
    </div>
    <div
      className="film-card__genre"
    >
      ssdfsdfsdfdsf
    </div>
  </div>
  <div
    className="film-card"
  >
    <img
      alt=""
      className="film-card__image"
      src="https://boygeniusreport.files.wordpress.com/2017/01/cat.jpg?quality=98&strip=all&w=782"
    />
    <div
      className="film-card__info"
    >
      <div
        className="film-card__name"
      >
        bla bla la 12
      </div>
      <div
        className="film-card__year"
      >
        2004
      </div>
    </div>
    <div
      className="film-card__genre"
    >
      ssdfsdfsdfdsf
    </div>
  </div>
</div>
`;

exports[`renders correctly for five film in the list 1`] = `
<div
  className="film-list"
>
  <div
    className="film-card"
  >
    <img
      alt=""
      className="film-card__image"
      src="https://boygeniusreport.files.wordpress.com/2017/01/cat.jpg?quality=98&strip=all&w=782"
    />
    <div
      className="film-card__info"
    >
      <div
        className="film-card__name"
      >
        bla bla la 
      </div>
      <div
        className="film-card__year"
      >
        2004
      </div>
    </div>
    <div
      className="film-card__genre"
    >
      ssdfsdfsdfdsf
    </div>
  </div>
  <div
    className="film-card"
  >
    <img
      alt=""
      className="film-card__image"
      src="https://boygeniusreport.files.wordpress.com/2017/01/cat.jpg?quality=98&strip=all&w=782"
    />
    <div
      className="film-card__info"
    >
      <div
        className="film-card__name"
      >
        bla bla la 1
      </div>
      <div
        className="film-card__year"
      >
        2004
      </div>
    </div>
    <div
      className="film-card__genre"
    >
      ssdfsdfsdfdsf
    </div>
  </div>
  <div
    className="film-card"
  >
    <img
      alt=""
      className="film-card__image"
      src="https://boygeniusreport.files.wordpress.com/2017/01/cat.jpg?quality=98&strip=all&w=782"
    />
    <div
      className="film-card__info"
    >
      <div
        className="film-card__name"
      >
        bla bla la 2
      </div>
      <div
        className="film-card__year"
      >
        2004
      </div>
    </div>
    <div
      className="film-card__genre"
    >
      ssdfsdfsdfdsf
    </div>
  </div>
  <div
    className="film-card"
  >
    <img
      alt=""
      className="film-card__image"
      src="https://boygeniusreport.files.wordpress.com/2017/01/cat.jpg?quality=98&strip=all&w=782"
    />
    <div
      className="film-card__info"
    >
      <div
        className="film-card__name"
      >
        bla bla la 3
      </div>
      <div
        className="film-card__year"
      >
        2004
      </div>
    </div>
    <div
      className="film-card__genre"
    >
      ssdfsdfsdfdsf
    </div>
  </div>
  <div
    className="film-card"
  >
    <img
      alt=""
      className="film-card__image"
      src="https://boygeniusreport.files.wordpress.com/2017/01/cat.jpg?quality=98&strip=all&w=782"
    />
    <div
      className="film-card__info"
    >
      <div
        className="film-card__name"
      >
        bla bla la 4
      </div>
      <div
        className="film-card__year"
      >
        2004
      </div>
    </div>
    <div
      className="film-card__genre"
    >
      ssdfsdfsdfdsf
    </div>
  </div>
</div>
`;

exports[`renders correctly for one film in the list 1`] = `
<div
  className="film-list"
>
  <div
    className="film-card"
  >
    <img
      alt=""
      className="film-card__image"
      src="https://boygeniusreport.files.wordpress.com/2017/01/cat.jpg?quality=98&strip=all&w=782"
    />
    <div
      className="film-card__info"
    >
      <div
        className="film-card__name"
      >
        bla bla la 
      </div>
      <div
        className="film-card__year"
      >
        2004
      </div>
    </div>
    <div
      className="film-card__genre"
    >
      ssdfsdfsdfdsf
    </div>
  </div>
</div>
`;
